  Identification des projets ├á restaurer...
  Tous les projets sont ├á jour pour la restauration.
  Veriflow.Core -> D:\ELEMENT\VERIFLOW\src\Veriflow.Core\bin\Debug\net8.0\Veriflow.Core.dll
D:\ELEMENT\VERIFLOW\src\Veriflow.Desktop\App.xaml.cs(48,32): error CS1061: 'IDictionary' ne contient pas de d├®finition pour 'Settings' et aucune m├®thode d'extension accessible 'Settings' acceptant un premier argument de type 'IDictionary' n'a ├®t├® trouv├®e (une directive using ou une r├®f├®rence d'assembly est-elle manquante┬á?) [D:\ELEMENT\VERIFLOW\src\Veriflow.Desktop\Veriflow.Desktop_j1lijk4q_wpftmp.csproj]
D:\ELEMENT\VERIFLOW\src\Veriflow.Desktop\ViewModels\SessionViewModel.cs(57,21): warning CS4014: Dans la mesure o├╣ cet appel n'est pas attendu, l'ex├®cution de la m├®thode actuelle continue avant la fin de l'appel. Envisagez d'appliquer l'op├®rateur 'await' au r├®sultat de l'appel. [D:\ELEMENT\VERIFLOW\src\Veriflow.Desktop\Veriflow.Desktop_j1lijk4q_wpftmp.csproj]
D:\ELEMENT\VERIFLOW\src\Veriflow.Desktop\ViewModels\SessionViewModel.cs(91,21): warning CS4014: Dans la mesure o├╣ cet appel n'est pas attendu, l'ex├®cution de la m├®thode actuelle continue avant la fin de l'appel. Envisagez d'appliquer l'op├®rateur 'await' au r├®sultat de l'appel. [D:\ELEMENT\VERIFLOW\src\Veriflow.Desktop\Veriflow.Desktop_j1lijk4q_wpftmp.csproj]

├ëCHEC de la build.

D:\ELEMENT\VERIFLOW\src\Veriflow.Desktop\ViewModels\SessionViewModel.cs(57,21): warning CS4014: Dans la mesure o├╣ cet appel n'est pas attendu, l'ex├®cution de la m├®thode actuelle continue avant la fin de l'appel. Envisagez d'appliquer l'op├®rateur 'await' au r├®sultat de l'appel. [D:\ELEMENT\VERIFLOW\src\Veriflow.Desktop\Veriflow.Desktop_j1lijk4q_wpftmp.csproj]
D:\ELEMENT\VERIFLOW\src\Veriflow.Desktop\ViewModels\SessionViewModel.cs(91,21): warning CS4014: Dans la mesure o├╣ cet appel n'est pas attendu, l'ex├®cution de la m├®thode actuelle continue avant la fin de l'appel. Envisagez d'appliquer l'op├®rateur 'await' au r├®sultat de l'appel. [D:\ELEMENT\VERIFLOW\src\Veriflow.Desktop\Veriflow.Desktop_j1lijk4q_wpftmp.csproj]
D:\ELEMENT\VERIFLOW\src\Veriflow.Desktop\App.xaml.cs(48,32): error CS1061: 'IDictionary' ne contient pas de d├®finition pour 'Settings' et aucune m├®thode d'extension accessible 'Settings' acceptant un premier argument de type 'IDictionary' n'a ├®t├® trouv├®e (une directive using ou une r├®f├®rence d'assembly est-elle manquante┬á?) [D:\ELEMENT\VERIFLOW\src\Veriflow.Desktop\Veriflow.Desktop_j1lijk4q_wpftmp.csproj]
    2 Avertissement(s)
    1 Erreur(s)

Temps ├®coul├® 00:00:01.55
